add:
x0 := $30
x1 := $31
x2 := $16
x3 := $17
x4 := $18
x5 := $19
x6 := $20
x7 := $21
x8 := $22
x9 := $23
x10 := $4
x11 := $5
x12 := x10+x11
a := x12
$2 := a
jump .L0
.L1:
jump .L0
.L0:
$30 := x0
$31 := x1
$16 := x2
$17 := x3
$18 := x4
$19 := x5
$20 := x6
$21 := x7
$22 := x8
$23 := x9
return

add(x,y) {
   a = x+y;
   return a;
}

graph g {
  a -- x0;
  a -- x1;
  a -- x2;
  a -- x3;
  a -- x4;
  a -- x5;
  a -- x6;
  a -- x7;
  a -- x8;
  a -- x9;
  x0 -- x1;
  x0 -- x10;
  x0 -- x11;
  x0 -- x12;
  x0 -- x2;
  x0 -- x3;
  x0 -- x4;
  x0 -- x5;
  x0 -- x6;
  x0 -- x7;
  x0 -- x8;
  x0 -- x9;
  x1 -- x10;
  x1 -- x11;
  x1 -- x12;
  x1 -- x2;
  x1 -- x3;
  x1 -- x4;
  x1 -- x5;
  x1 -- x6;
  x1 -- x7;
  x1 -- x8;
  x1 -- x9;
  x10 -- x11;
  x10 -- x2;
  x10 -- x3;
  x10 -- x4;
  x10 -- x5;
  x10 -- x6;
  x10 -- x7;
  x10 -- x8;
  x10 -- x9;
  x11 -- x2;
  x11 -- x3;
  x11 -- x4;
  x11 -- x5;
  x11 -- x6;
  x11 -- x7;
  x11 -- x8;
  x11 -- x9;
  x12 -- x2;
  x12 -- x3;
  x12 -- x4;
  x12 -- x5;
  x12 -- x6;
  x12 -- x7;
  x12 -- x8;
  x12 -- x9;
  x2 -- x3;
  x2 -- x4;
  x2 -- x5;
  x2 -- x6;
  x2 -- x7;
  x2 -- x8;
  x2 -- x9;
  x3 -- x4;
  x3 -- x5;
  x3 -- x6;
  x3 -- x7;
  x3 -- x8;
  x3 -- x9;
  x4 -- x5;
  x4 -- x6;
  x4 -- x7;
  x4 -- x8;
  x4 -- x9;
  x5 -- x6;
  x5 -- x7;
  x5 -- x8;
  x5 -- x9;
  x6 -- x7;
  x6 -- x8;
  x6 -- x9;
  x7 -- x8;
  x7 -- x9;
  x8 -- x9;
}

main:
x13 := $30
x14 := $31
x15 := $16
x16 := $17
x17 := $18
x18 := $19
x19 := $20
x20 := $21
x21 := $22
x22 := $23
c := 3
d := 4
$29 := $29-16
$4 := c
$5 := d
call add
$29 := $29+16
x23 := $2
$2 := x23
jump .L2
.L3:
jump .L2
.L2:
$30 := x13
$31 := x14
$16 := x15
$17 := x16
$18 := x17
$19 := x18
$20 := x19
$21 := x20
$22 := x21
$23 := x22
return

main() {
   c = 3;
   d = 4;
   return add(c,d);
}

graph g {
  c -- d;
  c -- x13;
  c -- x14;
  c -- x15;
  c -- x16;
  c -- x17;
  c -- x18;
  c -- x19;
  c -- x20;
  c -- x21;
  c -- x22;
  d -- x13;
  d -- x14;
  d -- x15;
  d -- x16;
  d -- x17;
  d -- x18;
  d -- x19;
  d -- x20;
  d -- x21;
  d -- x22;
  x13 -- x14;
  x13 -- x15;
  x13 -- x16;
  x13 -- x17;
  x13 -- x18;
  x13 -- x19;
  x13 -- x20;
  x13 -- x21;
  x13 -- x22;
  x13 -- x23;
  x14 -- x15;
  x14 -- x16;
  x14 -- x17;
  x14 -- x18;
  x14 -- x19;
  x14 -- x20;
  x14 -- x21;
  x14 -- x22;
  x14 -- x23;
  x15 -- x16;
  x15 -- x17;
  x15 -- x18;
  x15 -- x19;
  x15 -- x20;
  x15 -- x21;
  x15 -- x22;
  x15 -- x23;
  x16 -- x17;
  x16 -- x18;
  x16 -- x19;
  x16 -- x20;
  x16 -- x21;
  x16 -- x22;
  x16 -- x23;
  x17 -- x18;
  x17 -- x19;
  x17 -- x20;
  x17 -- x21;
  x17 -- x22;
  x17 -- x23;
  x18 -- x19;
  x18 -- x20;
  x18 -- x21;
  x18 -- x22;
  x18 -- x23;
  x19 -- x20;
  x19 -- x21;
  x19 -- x22;
  x19 -- x23;
  x20 -- x21;
  x20 -- x22;
  x20 -- x23;
  x21 -- x22;
  x21 -- x23;
  x22 -- x23;
}

