sub:
x0 := $30
x1 := $31
x2 := $16
x3 := $17
x4 := $18
x5 := $19
x6 := $20
x7 := $21
x8 := $22
x9 := $23
x10 := $4
x11 := $5
a := x10
b := x11
x12 := a-b
x := x12
if a>b goto .L3 else goto .L2
.L3:
i := 0
jump .L6
.L5:
x13 := b-x
b := x13
x14 := a-1
a := x14
jump .L6
.L6:
if a>b goto .L5 else goto .L4
.L4:
$2 := b
jump .L0
.L7:
jump .L1
.L2:
if x>0 goto .L10 else goto .L9
.L10:
x15 := x+1
a := x15
x16 := a-x
b := x16
x := b
$2 := x
jump .L0
.L11:
jump .L8
.L9:
x17 := x-1
c := x17
x18 := x-c
b := x18
x := b
jump .L8
.L8:
jump .L1
.L1:
$2 := x
jump .L0
.L12:
jump .L0
.L0:
$30 := x0
$31 := x1
$16 := x2
$17 := x3
$18 := x4
$19 := x5
$20 := x6
$21 := x7
$22 := x8
$23 := x9
return

sub(s,t) {
   a = s;
   b = t;
   x = a-b;
   if (a>b) {
     for (i = 0,a>b,a = a-1) {
       b = b-x;
     }
     return b;
   } else {
     if (x>0) {
       a = x+1;
       b = a-x;
       x = b;
       return x;
     } else {
       c = x-1;
       b = x-c;
       x = b;
     }
   }
   return x;
}

graph g {
  a -- b;
  a -- x;
  a -- x0;
  a -- x1;
  a -- x11;
  a -- x12;
  a -- x13;
  a -- x2;
  a -- x3;
  a -- x4;
  a -- x5;
  a -- x6;
  a -- x7;
  a -- x8;
  a -- x9;
  b -- x;
  b -- x0;
  b -- x1;
  b -- x12;
  b -- x14;
  b -- x2;
  b -- x3;
  b -- x4;
  b -- x5;
  b -- x6;
  b -- x7;
  b -- x8;
  b -- x9;
  c -- x;
  x -- x0;
  x -- x1;
  x -- x15;
  x -- x17;
  x -- x2;
  x -- x3;
  x -- x4;
  x -- x5;
  x -- x6;
  x -- x7;
  x -- x8;
  x -- x9;
  x0 -- x1;
  x0 -- x15;
  x0 -- x16;
  x0 -- x2;
  x0 -- x3;
  x0 -- x4;
  x0 -- x5;
  x0 -- x6;
  x0 -- x7;
  x0 -- x8;
  x0 -- x9;
  x1 -- x15;
  x1 -- x16;
  x1 -- x2;
  x1 -- x3;
  x1 -- x4;
  x1 -- x5;
  x1 -- x6;
  x1 -- x7;
  x1 -- x8;
  x1 -- x9;
  x10 -- x11;
  x15 -- x2;
  x15 -- x3;
  x15 -- x4;
  x15 -- x5;
  x15 -- x6;
  x15 -- x7;
  x15 -- x8;
  x15 -- x9;
  x16 -- x2;
  x16 -- x3;
  x16 -- x4;
  x16 -- x5;
  x16 -- x6;
  x16 -- x7;
  x16 -- x8;
  x16 -- x9;
  x2 -- x3;
  x2 -- x4;
  x2 -- x5;
  x2 -- x6;
  x2 -- x7;
  x2 -- x8;
  x2 -- x9;
  x3 -- x4;
  x3 -- x5;
  x3 -- x6;
  x3 -- x7;
  x3 -- x8;
  x3 -- x9;
  x4 -- x5;
  x4 -- x6;
  x4 -- x7;
  x4 -- x8;
  x4 -- x9;
  x5 -- x6;
  x5 -- x7;
  x5 -- x8;
  x5 -- x9;
  x6 -- x7;
  x6 -- x8;
  x6 -- x9;
  x7 -- x8;
  x7 -- x9;
  x8 -- x9;
}

main:
x19 := $30
x20 := $31
x21 := $16
x22 := $17
x23 := $18
x24 := $19
x25 := $20
x26 := $21
x27 := $22
x28 := $23
a := 1
b := 2
$29 := $29-16
$4 := a
$5 := b
call sub
$29 := $29+16
x29 := $2
c := x29
$2 := c
jump .L13
.L14:
jump .L13
.L13:
$30 := x19
$31 := x20
$16 := x21
$17 := x22
$18 := x23
$19 := x24
$20 := x25
$21 := x26
$22 := x27
$23 := x28
return

main() {
   a = 1;
   b = 2;
   c = sub(a,b);
   return c;
}

graph g {
  a -- b;
  a -- x19;
  a -- x20;
  a -- x21;
  a -- x22;
  a -- x23;
  a -- x24;
  a -- x25;
  a -- x26;
  a -- x27;
  a -- x28;
  b -- x19;
  b -- x20;
  b -- x21;
  b -- x22;
  b -- x23;
  b -- x24;
  b -- x25;
  b -- x26;
  b -- x27;
  b -- x28;
  c -- x19;
  c -- x20;
  c -- x21;
  c -- x22;
  c -- x23;
  c -- x24;
  c -- x25;
  c -- x26;
  c -- x27;
  c -- x28;
  x19 -- x20;
  x19 -- x21;
  x19 -- x22;
  x19 -- x23;
  x19 -- x24;
  x19 -- x25;
  x19 -- x26;
  x19 -- x27;
  x19 -- x28;
  x19 -- x29;
  x20 -- x21;
  x20 -- x22;
  x20 -- x23;
  x20 -- x24;
  x20 -- x25;
  x20 -- x26;
  x20 -- x27;
  x20 -- x28;
  x20 -- x29;
  x21 -- x22;
  x21 -- x23;
  x21 -- x24;
  x21 -- x25;
  x21 -- x26;
  x21 -- x27;
  x21 -- x28;
  x21 -- x29;
  x22 -- x23;
  x22 -- x24;
  x22 -- x25;
  x22 -- x26;
  x22 -- x27;
  x22 -- x28;
  x22 -- x29;
  x23 -- x24;
  x23 -- x25;
  x23 -- x26;
  x23 -- x27;
  x23 -- x28;
  x23 -- x29;
  x24 -- x25;
  x24 -- x26;
  x24 -- x27;
  x24 -- x28;
  x24 -- x29;
  x25 -- x26;
  x25 -- x27;
  x25 -- x28;
  x25 -- x29;
  x26 -- x27;
  x26 -- x28;
  x26 -- x29;
  x27 -- x28;
  x27 -- x29;
  x28 -- x29;
}

