main:
x0 := $30
x1 := $31
x2 := $16
x3 := $17
x4 := $18
x5 := $19
x6 := $20
x7 := $21
x8 := $22
x9 := $23
a := 3
b := 4
x10 := a+b
$2 := x10
jump .L0
.L1:
jump .L0
.L0:
$30 := x0
$31 := x1
$16 := x2
$17 := x3
$18 := x4
$19 := x5
$20 := x6
$21 := x7
$22 := x8
$23 := x9
return

graph built
main() {
   a = 3;
   b = 4;
   return a+b;
}

graph g {
  a -- b;
  a -- x0;
  a -- x1;
  a -- x2;
  a -- x3;
  a -- x4;
  a -- x5;
  a -- x6;
  a -- x7;
  a -- x8;
  a -- x9;
  b -- x0;
  b -- x1;
  b -- x2;
  b -- x3;
  b -- x4;
  b -- x5;
  b -- x6;
  b -- x7;
  b -- x8;
  b -- x9;
  x0 -- x1;
  x0 -- x10;
  x0 -- x2;
  x0 -- x3;
  x0 -- x4;
  x0 -- x5;
  x0 -- x6;
  x0 -- x7;
  x0 -- x8;
  x0 -- x9;
  x1 -- x10;
  x1 -- x2;
  x1 -- x3;
  x1 -- x4;
  x1 -- x5;
  x1 -- x6;
  x1 -- x7;
  x1 -- x8;
  x1 -- x9;
  x10 -- x2;
  x10 -- x3;
  x10 -- x4;
  x10 -- x5;
  x10 -- x6;
  x10 -- x7;
  x10 -- x8;
  x10 -- x9;
  x2 -- x3;
  x2 -- x4;
  x2 -- x5;
  x2 -- x6;
  x2 -- x7;
  x2 -- x8;
  x2 -- x9;
  x3 -- x4;
  x3 -- x5;
  x3 -- x6;
  x3 -- x7;
  x3 -- x8;
  x3 -- x9;
  x4 -- x5;
  x4 -- x6;
  x4 -- x7;
  x4 -- x8;
  x4 -- x9;
  x5 -- x6;
  x5 -- x7;
  x5 -- x8;
  x5 -- x9;
  x6 -- x7;
  x6 -- x8;
  x6 -- x9;
  x7 -- x8;
  x7 -- x9;
  x8 -- x9;
}

