main:
x0 := $30
x1 := $31
x2 := $16
x3 := $17
x4 := $18
x5 := $19
x6 := $20
x7 := $21
x8 := $22
x9 := $23
a := 3
b := 5
d := 4
x := 100
if a>b goto .L3 else goto .L2
.L3:
x10 := a+b
c := x10
d := 2
jump .L1
.L2:
jump .L1
.L1:
x11 := b*d
c := x11
$2 := 5
jump .L0
.L4:
jump .L0
.L0:
$30 := x0
$31 := x1
$16 := x2
$17 := x3
$18 := x4
$19 := x5
$20 := x6
$21 := x7
$22 := x8
$23 := x9
return

graph built
main() {
   a = 3;
   b = 5;
   d = 4;
   x = 100;
   if (a>b) {
     c = a+b;
     d = 2;
   } else {
     0;
   }
   c = b*d;
   return 5;
}

graph g {
  a -- b;
  b -- d;
  b -- x0;
  b -- x1;
  b -- x10;
  b -- x2;
  b -- x3;
  b -- x4;
  b -- x5;
  b -- x6;
  b -- x7;
  b -- x8;
  b -- x9;
  d -- x0;
  d -- x1;
  d -- x2;
  d -- x3;
  d -- x4;
  d -- x5;
  d -- x6;
  d -- x7;
  d -- x8;
  d -- x9;
  x0 -- x1;
  x0 -- x11;
  x0 -- x2;
  x0 -- x3;
  x0 -- x4;
  x0 -- x5;
  x0 -- x6;
  x0 -- x7;
  x0 -- x8;
  x0 -- x9;
  x1 -- x11;
  x1 -- x2;
  x1 -- x3;
  x1 -- x4;
  x1 -- x5;
  x1 -- x6;
  x1 -- x7;
  x1 -- x8;
  x1 -- x9;
  x11 -- x2;
  x11 -- x3;
  x11 -- x4;
  x11 -- x5;
  x11 -- x6;
  x11 -- x7;
  x11 -- x8;
  x11 -- x9;
  x2 -- x3;
  x2 -- x4;
  x2 -- x5;
  x2 -- x6;
  x2 -- x7;
  x2 -- x8;
  x2 -- x9;
  x3 -- x4;
  x3 -- x5;
  x3 -- x6;
  x3 -- x7;
  x3 -- x8;
  x3 -- x9;
  x4 -- x5;
  x4 -- x6;
  x4 -- x7;
  x4 -- x8;
  x4 -- x9;
  x5 -- x6;
  x5 -- x7;
  x5 -- x8;
  x5 -- x9;
  x6 -- x7;
  x6 -- x8;
  x6 -- x9;
  x7 -- x8;
  x7 -- x9;
  x8 -- x9;
}

